// Jest Snapshot v1, https://goo.gl/fbAQLP

exports[`renders without crashing 1`] = `
Array [
  .c2 {
  box-sizing: border-box;
  margin-left: auto;
  margin-right: auto;
  padding-left: 8px;
  padding-right: 8px;
}

.c4 {
  box-sizing: border-box;
}

.c3 {
  box-sizing: border-box;
  padding-bottom: 16px;
  padding-top: 8px;
  display: -webkit-box;
  display: -webkit-flex;
  display: -ms-flexbox;
  display: flex;
  -webkit-flex-wrap: wrap;
  -ms-flex-wrap: wrap;
  flex-wrap: wrap;
}

.c1 {
  max-width: 1024px;
}

.c5 {
  margin-top: 0;
  margin-bottom: 0;
  font-size: 4rem;
  font-weight: 700;
}

.c6 {
  font-size: 1.5rem;
  font-weight: 300;
}

.c0 {
  background-color: #115361;
  color: #ffffff;
}

<div
    className="c0"
>
    <div
        className="c1 c2"
    >
        <div
            className="c3"
            flexWrap="wrap"
        >
            <div
                className="c4"
            >
                <h1
                    className="c5"
                >
                    Cloud
                </h1>
                <p
                    className="c6"
                >
                    A platform to make delivering and operating Government digital services easier.
                </p>
            </div>
        </div>
    </div>
</div>,
  .c21 {
  box-sizing: border-box;
}

.c3 {
  box-sizing: border-box;
  margin-left: auto;
  margin-right: auto;
  padding-left: 0px;
  padding-right: 0px;
}

.c5 {
  box-sizing: border-box;
  width: 100%;
  padding-bottom: 4px;
  padding-right: 0px;
  padding-top: 4px;
}

.c10 {
  box-sizing: border-box;
  width: 100%;
  padding-bottom: 4px;
  padding-left: 0px;
  padding-top: 4px;
}

.c30 {
  box-sizing: border-box;
  width: 100%;
  padding-right: 0px;
}

.c31 {
  box-sizing: border-box;
  width: 100%;
  padding-left: 0px;
  padding-right: 0px;
}

.c32 {
  box-sizing: border-box;
  width: 100%;
  padding-left: 0px;
}

.c4 {
  box-sizing: border-box;
  padding-bottom: 32px;
  padding-top: 8px;
  padding-left: 8px;
  padding-right: 8px;
  display: -webkit-box;
  display: -webkit-flex;
  display: -ms-flexbox;
  display: flex;
  -webkit-flex-wrap: wrap;
  -ms-flex-wrap: wrap;
  flex-wrap: wrap;
}

.c14 {
  box-sizing: border-box;
  padding: 8px;
  display: -webkit-box;
  display: -webkit-flex;
  display: -ms-flexbox;
  display: flex;
  -webkit-flex-wrap: wrap;
  -ms-flex-wrap: wrap;
  flex-wrap: wrap;
  -webkit-align-items: flex-end;
  -webkit-box-align: flex-end;
  -ms-flex-align: flex-end;
  align-items: flex-end;
}

.c20 {
  box-sizing: border-box;
  padding: 8px;
  padding-bottom: 16px;
  padding-top: 0px;
  display: -webkit-box;
  display: -webkit-flex;
  display: -ms-flexbox;
  display: flex;
  -webkit-flex-wrap: wrap;
  -ms-flex-wrap: wrap;
  flex-wrap: wrap;
}

.c29 {
  box-sizing: border-box;
  padding-left: 8px;
  padding-right: 8px;
  padding-top: 8px;
  padding-bottom: 8px;
  display: -webkit-box;
  display: -webkit-flex;
  display: -ms-flexbox;
  display: flex;
  -webkit-flex-wrap: wrap;
  -ms-flex-wrap: wrap;
  flex-wrap: wrap;
}

.c2 {
  max-width: 1024px;
}

.c8 {
  -webkit-transition: 0.25s;
  transition: 0.25s;
  text-decoration: none;
  color: inherit;
  border-bottom: solid 1px #00c3ef;
}

.c8:hover {
  color: #313131;
  background-color: #5bcbe3;
  border-bottom-color: #5bcbe3;
}

.c12 {
  width: 100%;
  height: 100%;
  position: relative;
}

.c11 {
  background-color: #000000;
  color: #ffffff;
  box-shadow: 0 20px 50px 0 rgba(0,0,0,0.3);
  border: 1px solid #000000;
  border-radius: 0.3125rem;
}

.c13 {
  font-size: 0.875rem;
}

.c15 {
  border-radius: 50%;
  width: 0.75rem;
  height: 0.75rem;
  margin: 0 0.25rem;
  margin-left: 0;
  background-color: #ff5f56;
}

.c16 {
  border-radius: 50%;
  width: 0.75rem;
  height: 0.75rem;
  margin: 0 0.25rem;
  background-color: #ffbd2e;
}

.c17 {
  border-radius: 50%;
  width: 0.75rem;
  height: 0.75rem;
  margin: 0 0.25rem;
  margin-right: 0;
  background-color: #27c93f;
}

.c18 {
  position: absolute;
  left: 0;
  right: 0;
  text-align: center;
}

.c19 {
  width: 100%;
  height: 100%;
  overflow: auto;
}

.c22 {
  margin: 0;
  line-height: 1.25rem;
}

.c24 {
  font-weight: 600;
  color: #ff635c;
}

.c25 {
  font-weight: 600;
  color: #00c3ef;
}

.c26 {
  font-weight: 600;
  color: #0cac78;
}

.c27 {
  font-weight: 600;
  color: #ffffff;
}

.c23 {
  color: #cccccc;
}

.c28 {
  display: inline-block;
  width: 0.5rem;
  height: 1rem;
  vertical-align: middle;
  border-bottom: 1px solid #f69900;
}

.c0 {
  background-color: #ffffff;
}

.c1 {
  background: #fafafa;
  border-top: 1px solid;
  border-bottom: 1px solid;
  border-color: #eaeaea;
}

.c6 {
  font-weight: 400;
  font-size: 1.5rem;
}

.c9 {
  font-size: 1rem;
  line-height: 1.5rem;
}

.c7 {
  font-size: 1.5rem;
  font-size: 1rem;
  color: #666666;
}

@media screen and (min-width:40em) {
  .c5 {
    width: 50%;
  }
}

@media screen and (min-width:40em) {
  .c5 {
    padding-bottom: 16px;
    padding-right: 16px;
    padding-top: 16px;
  }
}

@media screen and (min-width:40em) {
  .c10 {
    width: 50%;
  }
}

@media screen and (min-width:40em) {
  .c10 {
    padding-bottom: 16px;
    padding-left: 16px;
    padding-top: 16px;
  }
}

@media screen and (min-width:40em) {
  .c30 {
    width: 33.33333333333333%;
  }
}

@media screen and (min-width:40em) {
  .c30 {
    padding-right: 16px;
  }
}

@media screen and (min-width:40em) {
  .c31 {
    width: 33.33333333333333%;
  }
}

@media screen and (min-width:40em) {
  .c31 {
    padding-left: 16px;
    padding-right: 16px;
  }
}

@media screen and (min-width:40em) {
  .c32 {
    width: 33.33333333333333%;
  }
}

@media screen and (min-width:40em) {
  .c32 {
    padding-left: 16px;
  }
}

@media screen and (min-width:40em) {
  .c4 {
    padding-top: 32px;
  }
}

@media screen and (min-width:40em) {
  .c29 {
    padding-top: 32px;
    padding-bottom: 32px;
  }
}

<div
    className="c0"
>
    <section
        className="c1"
    >
        <div
            className="c2 c3"
        >
            <div
                className="c4"
                flexWrap="wrap"
            >
                <div
                    className="c5"
                >
                    <h2
                        className="c6"
                    >
                        Focus on your 
                        <strong>
                            services
                        </strong>
                        , not your servers
                    </h2>
                    <p
                        className="c7"
                    >
                        Install
                         
                        <a
                            className="c8"
                            href="https://docs.cloudfoundry.org/cf-cli/"
                        >
                            Cloud Foundry CLI tools
                        </a>
                         
                        and deploy with ease
                    </p>
                    <ul
                        className="c9"
                    >
                        <li>
                            Write your code in any programming language
                        </li>
                        <li>
                            Automatic HTTPS / certificates
                        </li>
                        <li>
                            Deploy instantly, deploy often
                        </li>
                    </ul>
                </div>
                <div
                    className="c10"
                >
                    <div
                        className="c11"
                    >
                        <div
                            className="c12"
                        >
                            <div
                                className="c13"
                            >
                                <div
                                    className="c14"
                                    flexWrap="wrap"
                                >
                                    <span
                                        className="c15"
                                    />
                                    <span
                                        className="c16"
                                    />
                                    <span
                                        className="c17"
                                    />
                                    <div
                                        className="c18"
                                    >
                                        bash
                                    </div>
                                </div>
                            </div>
                            <div
                                className="c19"
                            >
                                <div
                                    className="c20"
                                    flexWrap="wrap"
                                >
                                    <div
                                        className="c21"
                                    >
                                        <pre
                                            className="c22"
                                        >
                                            ▲ 
                                            <span
                                                className="c23"
                                            >
                                                ~/my-app $
                                            </span>
                                             ls
                                            <br />
                                            Procfile main.go manifest.yml 
                                            <span
                                                className="c24"
                                            >
                                                my-app
                                            </span>
                                            <br />
                                            ▲ 
                                            <span
                                                className="c23"
                                            >
                                                ~/my-app $
                                            </span>
                                             cf push
                                            <br />
                                            Uploading 
                                            <span
                                                className="c25"
                                            >
                                                my-app
                                            </span>
                                            ...
                                            <br />
                                            Uploading 2.1M, 3 files
                                            <br />
                                            Done uploading
                                            <br />
                                            <span
                                                className="c26"
                                            >
                                                OK
                                            </span>
                                            <br />
                                            1 of 1 instances running
                                            <br />
                                            <span
                                                className="c27"
                                            >
                                                App started
                                            </span>
                                            <br />
                                            ▲ 
                                            <span
                                                className="c23"
                                            >
                                                ~/my-app
                                            </span>
                                             $ 
                                            <span
                                                className="c28"
                                            />
                                        </pre>
                                    </div>
                                </div>
                            </div>
                        </div>
                    </div>
                </div>
            </div>
        </div>
    </section>
    <div
        className="c2 c3"
    >
        <div
            className="c29"
            flexWrap="wrap"
        >
            <div
                className="c30"
            >
                <h2
                    className="c6"
                >
                    Automatically secure
                </h2>
                <p
                    className="c7"
                >
                    We provision and renew SSL certificates automatically.
                </p>
                <p
                    className="c7"
                >
                    Thanks to
                     
                    <a
                        className="c8"
                        href="https://letsencrypt.org/"
                    >
                        Let’s Encrypt
                    </a>
                    , you get security at zero cost, for as many domains as you want.
                </p>
            </div>
            <div
                className="c31"
            >
                <h2
                    className="c6"
                >
                    Programming languages
                </h2>
                <p
                    className="c7"
                >
                    Supported languages and frameworks include Go, Java, .NET, Node.js, PHP, Python, Ruby, static files and binaries.
                </p>
                <p
                    className="c7"
                >
                    Learn about
                     
                    <a
                        className="c8"
                        href="https://docs.cloudfoundry.org/buildpacks/"
                    >
                        Cloud Foundry buildpacks
                    </a>
                    .
                </p>
            </div>
            <div
                className="c32"
            >
                <h2
                    className="c6"
                >
                    Services
                </h2>
                <p
                    className="c7"
                >
                    Seamlessly connect your application to backend services.
                </p>
                <p
                    className="c7"
                >
                    Available services include Postgres, MySQL and ElasticSearch.
                </p>
                <p
                    className="c7"
                >
                    <a
                        className="c8"
                        href="mailto:support@cloud.gov.au?subject=Enquiry%20about%20cloud.gov.au%20-%20interested%20in%20missing%20service&body=%0A%0A---%0ASource%3A%20cloud.gov.au%20home%20page"
                    >
                        Get in contact with us
                    </a>
                     
                    if we’re missing a service that you need.
                </p>
            </div>
        </div>
    </div>
</div>,
]
`;
