// Jest Snapshot v1, https://goo.gl/fbAQLP

exports[`renders without crashing 1`] = `
Array [
  <div
    className="sc-htoDjs jgEvST"
>
    <div
        className="sc-bxivhb dyGNMJ sc-bdVaJa bNqJOV"
        is={null}
    >
        <div
            className="sc-htpNat jtWIOA sc-bdVaJa eSFxna"
            is={null}
        >
            <div
                className="sc-bdVaJa iHZvIS"
                is={null}
            >
                <h1
                    className="sc-bZQynM bwMZIe"
                >
                    Cloud
                </h1>
                <p
                    className="sc-gzVnrw lgDsWe"
                >
                    A platform to make delivering and operating digital services easier.
                </p>
            </div>
        </div>
    </div>
</div>,
  <div
    className="sc-eNQAEJ iGzHyR"
>
    <section
        className="sc-kEYyzF eDcRWs"
    >
        <div
            className="sc-bxivhb dyGNMJ sc-bdVaJa dFRSdp"
            is={null}
        >
            <div
                className="sc-htpNat jtWIOA sc-bdVaJa kJYhde"
                is={null}
            >
                <div
                    className="sc-bdVaJa fiVwab"
                    is={null}
                >
                    <h2
                        className="sc-kkGfuU gtPXEl"
                    >
                        Focus on your 
                        <strong>
                            services
                        </strong>
                        , not your servers
                    </h2>
                    <p
                        className="sc-hSdWYo dyhJmT"
                    >
                        Install
                         
                        <a
                            className="sc-ifAKCX bzKuxF"
                            href="https://docs.cloudfoundry.org/cf-cli/"
                        >
                            Cloud Foundry CLI tools
                        </a>
                         
                        and deploy with ease
                    </p>
                    <ul
                        className="sc-iAyFgw dMiDgO"
                    >
                        <li>
                            Write your code in any programming language
                        </li>
                        <li>
                            Automatic HTTPS / certificates
                        </li>
                        <li>
                            Deploy instantly, deploy often
                        </li>
                    </ul>
                </div>
                <div
                    className="sc-bdVaJa fQvyiw"
                    is={null}
                >
                    <div
                        className="sc-iwsKbI cLHqHK"
                    >
                        <div
                            className="sc-dnqmqq cYeNPO"
                        >
                            <div
                                className="sc-gZMcBi kDKDKc"
                            >
                                <div
                                    className="sc-htpNat gdzXwm sc-bdVaJa iHSytp"
                                    is={null}
                                >
                                    <span
                                        className="sc-VigVT fTBwzp"
                                    />
                                    <span
                                        className="sc-jTzLTM hCHedz"
                                    />
                                    <span
                                        className="sc-fjdhpX kmITCL"
                                    />
                                    <div
                                        className="sc-jzJRlG eAPChS"
                                    >
                                        bash
                                    </div>
                                </div>
                            </div>
                            <div
                                className="sc-cSHVUG bRUATF"
                            >
                                <div
                                    className="sc-htpNat jtWIOA sc-bdVaJa jOTPPl"
                                    is={null}
                                >
                                    <div
                                        className="sc-bdVaJa iHZvIS"
                                        is={null}
                                    >
                                        <pre
                                            className="sc-kAzzGY eFTTTe"
                                        >
                                            ▲ 
                                            <span
                                                className="sc-ckVGcZ eBbooX"
                                            >
                                                ~/my-app $
                                            </span>
                                             ls
                                            <br />
                                            Procfile main.go manifest.yml 
                                            <span
                                                className="sc-kgoBCf juQDCD"
                                            >
                                                my-app
                                            </span>
                                            <br />
                                            ▲ 
                                            <span
                                                className="sc-ckVGcZ eBbooX"
                                            >
                                                ~/my-app $
                                            </span>
                                             cf push
                                            <br />
                                            Uploading 
                                            <span
                                                className="sc-kGXeez lnXDyT"
                                            >
                                                my-app
                                            </span>
                                            ...
                                            <br />
                                            Uploading 2.1M, 3 files
                                            <br />
                                            Done uploading
                                            <br />
                                            <span
                                                className="sc-kpOJdX cVxVAu"
                                            >
                                                OK
                                            </span>
                                            <br />
                                            1 of 1 instances running
                                            <br />
                                            <span
                                                className="sc-dxgOiQ bBquNN"
                                            >
                                                App started
                                            </span>
                                            <br />
                                            ▲ 
                                            <span
                                                className="sc-ckVGcZ eBbooX"
                                            >
                                                ~/my-app
                                            </span>
                                             $ 
                                            <span
                                                className="sc-jKJlTe cSWoke"
                                            />
                                        </pre>
                                    </div>
                                </div>
                            </div>
                        </div>
                    </div>
                </div>
            </div>
        </div>
    </section>
    <div
        className="sc-bxivhb dyGNMJ sc-bdVaJa dFRSdp"
        is={null}
    >
        <div
            className="sc-htpNat jtWIOA sc-bdVaJa gyTSyk"
            is={null}
        >
            <div
                className="sc-bdVaJa hioaMl"
                is={null}
            >
                <h2
                    className="sc-kkGfuU gtPXEl"
                >
                    Automatically secure
                </h2>
                <p
                    className="sc-hSdWYo dyhJmT"
                >
                    We provision and renew SSL certificates automatically.
                </p>
                <p
                    className="sc-hSdWYo dyhJmT"
                >
                    Thanks to
                     
                    <a
                        className="sc-ifAKCX bzKuxF"
                        href="https://letsencrypt.org/"
                    >
                        Let’s Encrypt
                    </a>
                    , you get security at zero cost, for as many domains as you want.
                </p>
            </div>
            <div
                className="sc-bdVaJa jungCr"
                is={null}
            >
                <h2
                    className="sc-kkGfuU gtPXEl"
                >
                    Programming languages
                </h2>
                <p
                    className="sc-hSdWYo dyhJmT"
                >
                    Supported languages and frameworks include Go, Java, .NET, Node.js, PHP, Python, Ruby, static files and binaries.
                </p>
                <p
                    className="sc-hSdWYo dyhJmT"
                >
                    Learn about
                     
                    <a
                        className="sc-ifAKCX bzKuxF"
                        href="https://docs.cloudfoundry.org/buildpacks/"
                    >
                        Cloud Foundry buildpacks
                    </a>
                    .
                </p>
            </div>
            <div
                className="sc-bdVaJa gbvvmj"
                is={null}
            >
                <h2
                    className="sc-kkGfuU gtPXEl"
                >
                    Services
                </h2>
                <p
                    className="sc-hSdWYo dyhJmT"
                >
                    Seamlessly connect your application to backend services.
                </p>
                <p
                    className="sc-hSdWYo dyhJmT"
                >
                    Available services include Postgres, MySQL, Redis, RabbitMQ and ElasticSearch.
                </p>
                <p
                    className="sc-hSdWYo dyhJmT"
                >
                    <a
                        className="sc-ifAKCX bzKuxF"
                        href="mailto:support@cloud.gov.au?subject=Enquiry%20about%20cloud.gov.au%20-%20interested%20in%20missing%20service&body=%0A%0A---%0ASource%3A%20cloud.gov.au%20home%20page"
                    >
                        Get in contact with us
                    </a>
                     
                    if we’re missing a service that you need.
                </p>
            </div>
        </div>
    </div>
</div>,
]
`;
