// Jest Snapshot v1, https://goo.gl/fbAQLP

exports[`renders without crashing 1`] = `
<div
  className="sc-bwzfXH jIcrnc"
>
  <div
    className="sc-bdVaJa liJgVB sc-bdVaJa jipgQh"
  >
    <div
      className="sc-bwzfXH hbZeap"
    >
      <div
        className="sc-bdVaJa gRPNsf"
      >
        content
      </div>
    </div>
  </div>
</div>
`;
