// Jest Snapshot v1, https://goo.gl/fbAQLP

exports[`renders without crashing 1`] = `
.c1 {
  max-width: 1024px;
}

.c0 {
  min-height: 50vh;
  border-top: 6px solid;
}

<div
  className="c0"
>
  <div
    className="c1 sc-bdVaJa bNqJOV"
    is={null}
  >
    <div
      className="sc-htpNat jtWIOA iHZvIS"
      is={null}
    >
      <div
        className="jFKWis"
        is={null}
      >
        content
      </div>
    </div>
  </div>
</div>
`;
