// Jest Snapshot v1, https://goo.gl/fbAQLP

exports[`renders without crashing 1`] = `
.c0 {
  max-width: 1024px;
}

.c1 {
  -webkit-text-decoration: none;
  text-decoration: none;
}

.c2 {
  height: 1.25rem;
  margin-right: 0.5rem;
  vertical-align: middle;
}

.c3 {
  color: #ffffff;
  font-weight: 500;
  vertical-align: middle;
}

.c4 {
  color: #ffffff;
  vertical-align: middle;
}

<div
  className=""
>
  <div
    className="c0 sc-bdVaJa bNqJOV"
    is={null}
  >
    <div
      className="jtWIOA ikjdog"
      is={null}
    >
      <div
        className="fOpQaR"
        is={null}
      >
        <a
          className="c1"
          href="/"
        >
          <img
            alt=""
            className="c2"
            src={
              Object {
                "0": "s",
                "1": "t",
                "2": "a",
                "3": "r",
                "4": ".",
                "5": "s",
                "6": "v",
                "7": "g",
                "default": "star.svg",
              }
            }
          />
          <span
            className="c3"
          >
            GOV.AU
          </span>
        </a>
      </div>
      <div
        className="irQXag"
        is={null}
      >
        <span
          className="c4"
        >
          Official Australian Government website
        </span>
      </div>
    </div>
  </div>
</div>
`;
