// Jest Snapshot v1, https://goo.gl/fbAQLP

exports[`renders without crashing 1`] = `
<div
  className="sc-EHOje dljReB"
>
  <div
    className="sc-bdVaJa liJgVB sc-bdVaJa bNqJOV"
    is={null}
  >
    <div
      className="sc-htpNat jtWIOA sc-bdVaJa ikjdog"
      is={null}
    >
      <div
        className="sc-bdVaJa fOpQaR"
        is={null}
      >
        <a
          className="sc-bwzfXH dJuWjI"
          href="/"
        >
          <img
            alt=""
            className="sc-htpNat Jcmev"
            src={
              Object {
                "0": "s",
                "1": "t",
                "2": "a",
                "3": "r",
                "4": ".",
                "5": "s",
                "6": "v",
                "7": "g",
                "default": "star.svg",
              }
            }
          />
          <span
            className="sc-bxivhb lcgGUB"
          >
            GOV.AU
          </span>
        </a>
      </div>
      <div
        className="sc-bdVaJa irQXag"
        is={null}
      >
        <span
          className="sc-ifAKCX lMBZR"
        >
          Official Australian Government website
        </span>
      </div>
    </div>
  </div>
</div>
`;
