// Jest Snapshot v1, https://goo.gl/fbAQLP

exports[`renders without crashing 1`] = `
.c1 {
  max-width: 1024px;
}

.c5 {
  -webkit-transition: 0.25s;
  transition: 0.25s;
  -webkit-text-decoration: none;
  text-decoration: none;
  border-bottom: solid 1px;
}

.c3 {
  margin: 0;
  padding: 0;
  list-style: none;
}

.c4 {
  display: inline-block;
  margin: 1rem 1rem 0 0;
}

.c2 {
  height: 3rem;
}

.c0 {
  color: #ffffff;
}

<footer
  className="c0"
>
  <div
    className="c1 sc-bdVaJa bNqJOV"
    is={null}
  >
    <div
      className="fzUmoZ NcCKj"
      is={null}
    >
      <div
        className="dbOKEe"
        is={null}
      >
        <div
          className="fzUmoZ kQtcea"
          is={null}
        >
          <div
            className="iHZvIS"
            is={null}
          >
            <a
              href="https://www.dta.gov.au/"
            >
              <img
                alt="DTA"
                className="c2"
                src={
                  Object {
                    "0": "d",
                    "1": "t",
                    "10": "r",
                    "11": "k",
                    "12": "-",
                    "13": "w",
                    "14": "h",
                    "15": "i",
                    "16": "t",
                    "17": "e",
                    "18": ".",
                    "19": "s",
                    "2": "a",
                    "20": "v",
                    "21": "g",
                    "3": "-",
                    "4": "w",
                    "5": "o",
                    "6": "r",
                    "7": "d",
                    "8": "m",
                    "9": "a",
                    "default": "dta-wordmark-white.svg",
                  }
                }
              />
            </a>
          </div>
        </div>
      </div>
      <div
        className="clWLZM"
        is={null}
      >
        <ul
          className="c3"
        >
          <li
            className="c4"
          >
            <a
              className="c5"
              href="https://console.system.b.cld.gov.au/"
            >
              Production console
            </a>
          </li>
          <li
            className="c4"
          >
            <a
              className="c5"
              href="https://console.system.y.cld.gov.au/"
            >
              Staging console
            </a>
          </li>
        </ul>
        <p>
          <a
            className="c5"
            href="https://github.com/govau/cloud.gov.au"
          >
            cloud.gov.au on GitHub
          </a>
        </p>
        <p>
          Have a question about cloud.gov.au? Contact DTA:
           
          <a
            className="c5"
            href="mailto:support@cloud.gov.au?subject=Enquiry%20about%20cloud.gov.au&body=%0A%0A---%0ASource%3A%20cloud.gov.au%20footer"
          >
            support@cloud.gov.au
          </a>
        </p>
        <p
          className=""
        >
          © Commonwealth of Australia. With the exception of the Commonwealth Coat of Arms and where otherwise noted, this work is licensed under the CC BY 4.0 license.
        </p>
      </div>
    </div>
  </div>
</footer>
`;
