// Jest Snapshot v1, https://goo.gl/fbAQLP

exports[`renders without crashing 1`] = `
<ul
  className="sc-htpNat fXmrlj"
>
  <li
    className="sc-bxivhb jfOjzk"
  >
    <a
      className="sc-ifAKCX cFlEyZ sc-bdVaJa jQkSgQ"
      href="https://console.system.b.cld.gov.au/"
    >
      Production console
    </a>
  </li>
  <li
    className="sc-bxivhb jfOjzk"
  >
    <a
      className="sc-ifAKCX cFlEyZ sc-bdVaJa jQkSgQ"
      href="https://console.system.y.cld.gov.au/"
    >
      Staging console
    </a>
  </li>
</ul>
`;
