// Jest Snapshot v1, https://goo.gl/fbAQLP

exports[`renders without crashing 1`] = `
.c2 {
  box-sizing: border-box;
  margin-left: auto;
  margin-right: auto;
  padding-left: 16px;
  padding-right: 16px;
}

.c4 {
  box-sizing: border-box;
  padding-bottom: 32px;
  padding-top: 32px;
}

.c5 {
  box-sizing: border-box;
  width: 100%;
}

.c6 {
  box-sizing: border-box;
  padding-bottom: 16px;
  padding-top: 32px;
}

.c7 {
  box-sizing: border-box;
}

.c9 {
  box-sizing: border-box;
  width: 100%;
}

.c3 {
  display: -webkit-box;
  display: -webkit-flex;
  display: -ms-flexbox;
  display: flex;
  -webkit-flex-wrap: wrap;
  -ms-flex-wrap: wrap;
  flex-wrap: wrap;
  -webkit-align-items: center;
  -webkit-box-align: center;
  -ms-flex-align: center;
  align-items: center;
}

.c1 {
  max-width: 1024px;
}

.c12 {
  -webkit-transition: 0.25s;
  transition: 0.25s;
  text-decoration: none;
  border-bottom: solid 1px;
}

.c13 {
  -webkit-transition: 0.25s;
  transition: 0.25s;
  text-decoration: none;
  border-bottom: solid 1px;
}

.c10 {
  margin: 0;
  padding: 0;
  list-style: none;
}

.c11 {
  display: inline-block;
  margin: 1rem 1rem 0 0;
}

.c8 {
  height: 3rem;
}

.c0 {
  color: #ffffff;
}

@media screen and (min-width:40em) {
  .c5 {
    width: 50%;
  }
}

@media screen and (min-width:52em) {
  .c5 {
    width: 33.33333333333333%;
  }
}

@media screen and (min-width:40em) {
  .c9 {
    width: 50%;
  }
}

@media screen and (min-width:52em) {
  .c9 {
    width: 66.66666666666666%;
  }
}

<footer
  className="c0"
>
  <div
    className="c1 c2"
    is={null}
  >
    <div
      className="c3 c4"
      is={null}
    >
      <div
        className="c5"
        is={null}
      >
        <div
          className="c3 c6"
          is={null}
        >
          <div
            className="c7"
            is={null}
          >
            <a
              href="https://www.dta.gov.au/"
            >
              <img
                alt="DTA"
                className="c8"
                src={
                  Object {
                    "0": "d",
                    "1": "t",
                    "10": "r",
                    "11": "k",
                    "12": "-",
                    "13": "w",
                    "14": "h",
                    "15": "i",
                    "16": "t",
                    "17": "e",
                    "18": ".",
                    "19": "s",
                    "2": "a",
                    "20": "v",
                    "21": "g",
                    "3": "-",
                    "4": "w",
                    "5": "o",
                    "6": "r",
                    "7": "d",
                    "8": "m",
                    "9": "a",
                    "default": "dta-wordmark-white.svg",
                  }
                }
              />
            </a>
          </div>
        </div>
      </div>
      <div
        className="c9"
        is={null}
      >
        <ul
          className="c10"
        >
          <li
            className="c11"
          >
            <a
              className="c12"
              href="https://console.system.b.cld.gov.au/"
            >
              Production console
            </a>
          </li>
          <li
            className="c11"
          >
            <a
              className="c12"
              href="https://console.system.y.cld.gov.au/"
            >
              Staging console
            </a>
          </li>
          <li
            className="c11"
          >
            <a
              className="c13"
              href="/terms-of-service/"
              onClick={[Function]}
            >
              Terms of service
            </a>
          </li>
        </ul>
        <p>
          <a
            className="c12"
            href="https://github.com/govau/cloud.gov.au"
          >
            cloud.gov.au on GitHub
          </a>
        </p>
        <p>
          Have a question about cloud.gov.au? Contact DTA:
           
          <a
            className="c12"
            href="mailto:support@cloud.gov.au?subject=Enquiry%20about%20cloud.gov.au&body=%0A%0A---%0ASource%3A%20cloud.gov.au%20footer"
          >
            support@cloud.gov.au
          </a>
        </p>
        <p
          className=""
        >
          © Commonwealth of Australia. With the exception of the Commonwealth Coat of Arms and where otherwise noted, this work is licensed under the CC BY 4.0 license.
        </p>
      </div>
    </div>
  </div>
</footer>
`;
