// Jest Snapshot v1, https://goo.gl/fbAQLP

exports[`renders without crashing 1`] = `
<header
  className="sc-gZMcBi jUblAv"
>
  <div
    className="sc-ifAKCX bKCZJm sc-bdVaJa jipgQh"
  >
    <div
      className="sc-bwzfXH iSSZbw"
    >
      <div
        className="sc-bdVaJa RUrYX"
      >
        <a
          href="/"
        >
          <img
            alt="The Australian Government Coat of Arms"
            className="sc-htoDjs ioxCQL"
            src={
              Object {
                "0": "c",
                "1": "o",
                "2": "a",
                "3": ".",
                "4": "s",
                "5": "v",
                "6": "g",
                "default": "coa.svg",
              }
            }
          />
        </a>
      </div>
      <div
        className="sc-bdVaJa iHZvIS"
      >
        <a
          className="sc-dnqmqq cLgTGv sc-bxivhb dIIonV"
          href="/"
          onClick={[Function]}
        >
          <div
            className="sc-iwsKbI kUjjMr"
          >
            cloud.gov.au
          </div>
        </a>
      </div>
      <div
        className="sc-bdVaJa fSeiKC"
      >
        <ul
          className="sc-EHOje jkjZAm"
        >
          <li
            className="sc-bZQynM cvfihE"
            display={
              Array [
                "block",
                "inline-block",
              ]
            }
            m={
              Array [
                1,
              ]
            }
          >
            <a
              className="sc-gzVnrw ibZhkv sc-bxivhb dIIonV"
              href="/insights/"
              onClick={[Function]}
            >
              Insights
            </a>
          </li>
          <li
            className="sc-bZQynM cvfihE"
            display={
              Array [
                "block",
                "inline-block",
              ]
            }
            m={
              Array [
                1,
              ]
            }
          >
            <a
              className="sc-gzVnrw ibZhkv sc-bxivhb dIIonV"
              href="/code/"
              onClick={[Function]}
            >
              Code
            </a>
          </li>
          <li
            className="sc-bZQynM cvfihE"
            display={
              Array [
                "block",
                "inline-block",
              ]
            }
            m={
              Array [
                1,
              ]
            }
          >
            <a
              className="sc-gzVnrw ibZhkv sc-htpNat icVcey"
              href="https://docs.cloud.gov.au/"
            >
              Docs
            </a>
          </li>
          <li
            className="sc-bZQynM cvfihE"
            display={
              Array [
                "block",
                "inline-block",
              ]
            }
            m={
              Array [
                1,
              ]
            }
          >
            <a
              className="sc-gzVnrw ibZhkv sc-htpNat icVcey"
              href="https://support.cloud.gov.au/"
            >
              Support
            </a>
          </li>
        </ul>
      </div>
    </div>
  </div>
</header>
`;
