// Jest Snapshot v1, https://goo.gl/fbAQLP

exports[`renders without crashing 1`] = `
<header
  className="sc-dnqmqq bsHPaM"
>
  <div
    className="sc-htpNat fRELtR sc-bdVaJa bNqJOV"
    is={null}
  >
    <div
      className="sc-htpNat fzUmoZ sc-bdVaJa NcCKj"
      is={null}
    >
      <div
        className="sc-bdVaJa dnoIVq"
        is={null}
      >
        <a
          href="/"
        >
          <img
            alt="The Australian Government Coat of Arms"
            className="sc-bZQynM HqUwQ"
            src={
              Object {
                "0": "c",
                "1": "o",
                "2": "a",
                "3": ".",
                "4": "s",
                "5": "v",
                "6": "g",
                "default": "coa.svg",
              }
            }
          />
        </a>
      </div>
      <div
        className="sc-bdVaJa iHZvIS"
        is={null}
      >
        <a
          className="sc-gzVnrw jGSAym sc-bwzfXH gRAcqg"
          href="/"
          onClick={[Function]}
        >
          <div
            className="sc-htoDjs iiPqMm"
          >
            cloud.gov.au
          </div>
        </a>
      </div>
      <div
        className="sc-bdVaJa fvqBgo"
        is={null}
      >
        <ul
          className="sc-bxivhb ddELEZ"
        >
          <li
            className="sc-ifAKCX jSBBPx"
            display={
              Array [
                "block",
                "inline-block",
              ]
            }
            m={
              Array [
                1,
              ]
            }
          >
            <a
              className="sc-EHOje jvzENE sc-bwzfXH gRAcqg"
              href="/insights/"
              onClick={[Function]}
            >
              Insights
            </a>
          </li>
          <li
            className="sc-ifAKCX jSBBPx"
            display={
              Array [
                "block",
                "inline-block",
              ]
            }
            m={
              Array [
                1,
              ]
            }
          >
            <a
              className="sc-EHOje jvzENE sc-bwzfXH gRAcqg"
              href="/code/"
              onClick={[Function]}
            >
              Code
            </a>
          </li>
          <li
            className="sc-ifAKCX jSBBPx"
            display={
              Array [
                "block",
                "inline-block",
              ]
            }
            m={
              Array [
                1,
              ]
            }
          >
            <a
              className="sc-EHOje jvzENE sc-bdVaJa jQkSgQ"
              href="https://docs.cloud.gov.au/"
            >
              Docs
            </a>
          </li>
          <li
            className="sc-ifAKCX jSBBPx"
            display={
              Array [
                "block",
                "inline-block",
              ]
            }
            m={
              Array [
                1,
              ]
            }
          >
            <a
              className="sc-EHOje jvzENE sc-bdVaJa jQkSgQ"
              href="https://support.cloud.gov.au/"
            >
              Support
            </a>
          </li>
        </ul>
      </div>
    </div>
  </div>
</header>
`;
