// Jest Snapshot v1, https://goo.gl/fbAQLP

exports[`renders without crashing 1`] = `
.c3 {
  -webkit-transition: 0.25s;
  transition: 0.25s;
  -webkit-text-decoration: none;
  text-decoration: none;
  border-bottom: solid 1px;
}

.c2 {
  -webkit-transition: 0.25s;
  transition: 0.25s;
  -webkit-text-decoration: none;
  text-decoration: none;
  border-bottom: solid 1px;
}

.c0 {
  margin: 0;
  padding: 0;
  list-style: none;
}

.c1 {
  display: block;
  margin: 8px;
}

@media screen and (min-width:40em) {
  .c1 {
    display: inline-block;
  }
}

<ul
  className="c0"
>
  <li
    className="c1"
    display={
      Array [
        "block",
        "inline-block",
      ]
    }
    m={
      Array [
        1,
      ]
    }
  >
    <a
      className="c2"
      href="/code/"
      onClick={[Function]}
    >
      Code
    </a>
  </li>
  <li
    className="c1"
    display={
      Array [
        "block",
        "inline-block",
      ]
    }
    m={
      Array [
        1,
      ]
    }
  >
    <a
      className="c3"
      href="https://docs.cloud.gov.au/"
    >
      Docs
    </a>
  </li>
  <li
    className="c1"
    display={
      Array [
        "block",
        "inline-block",
      ]
    }
    m={
      Array [
        1,
      ]
    }
  >
    <a
      className="c3"
      href="https://support.cloud.gov.au/"
    >
      Support
    </a>
  </li>
</ul>
`;
